2026-09-08T08:35:38+00:00 ===== overnight start =====
2026-09-08T08:35:58+00:00 START analyze_lnc1
2026-09-08T08:35:59+00:00 END   analyze_lnc1 rc=0
2026-09-08T08:35:59+00:00 START recompute_rc_lnc2_b2048
2026-09-08T08:39:13+00:00 END   recompute_rc_lnc2_b2048 rc=0
2026-09-08T08:39:13+00:00 START analyze_b2048_lnc2
2026-09-08T08:39:14+00:00 END   analyze_b2048_lnc2 rc=0
2026-09-08T08:39:14+00:00 START recompute_rc_lnc1_b2048
2026-09-08T08:43:43+00:00 END   recompute_rc_lnc1_b2048 rc=0
2026-09-08T08:43:43+00:00 START analyze_b2048_lnc1
2026-09-08T08:43:44+00:00 END   analyze_b2048_lnc1 rc=0
2026-09-08T08:43:44+00:00 START sample_tp1_lnc2
2026-09-08T09:17:53+00:00 END   sample_tp1_lnc2 rc=0
2026-09-08T09:17:53+00:00 START recompute_rc_tp1_lnc2
2026-09-08T09:22:44+00:00 END   recompute_rc_tp1_lnc2 rc=0
2026-09-08T09:22:44+00:00 START analyze_tp1_lnc2
2026-09-08T09:22:45+00:00 END   analyze_tp1_lnc2 rc=0
2026-09-08T09:22:45+00:00 START sample_tp2_lnc2
2026-09-08T09:47:37+00:00 END   sample_tp2_lnc2 rc=0
2026-09-08T09:47:37+00:00 START recompute_rc_tp2_lnc2
2026-09-08T09:48:55+00:00 END   recompute_rc_tp2_lnc2 rc=0
2026-09-08T09:48:55+00:00 START analyze_tp2_lnc2
2026-09-08T09:48:56+00:00 END   analyze_tp2_lnc2 rc=0
2026-09-08T09:48:56+00:00 START sample_tp8_lnc1
2026-09-08T10:10:26+00:00 END   sample_tp8_lnc1 rc=0
2026-09-08T10:10:26+00:00 START recompute_rc_tp8_lnc1
2026-09-08T10:12:15+00:00 END   recompute_rc_tp8_lnc1 rc=0
2026-09-08T10:12:15+00:00 START analyze_tp8_lnc1
2026-09-08T10:12:16+00:00 END   analyze_tp8_lnc1 rc=0
2026-09-08T10:12:16+00:00 START sample_rep2_tp4_lnc2
2026-09-08T10:32:44+00:00 END   sample_rep2_tp4_lnc2 rc=0
2026-09-08T10:32:44+00:00 START recompute_rep2_rc_lnc2_b1024
2026-09-08T10:33:59+00:00 END   recompute_rep2_rc_lnc2_b1024 rc=0
2026-09-08T10:33:59+00:00 START sample_maxnew868_tp4_lnc2
2026-09-08T11:06:23+00:00 END   sample_maxnew868_tp4_lnc2 rc=0
2026-09-08T11:06:23+00:00 START recompute_rc_maxnew868_lnc2
2026-09-08T11:11:18+00:00 END   recompute_rc_maxnew868_lnc2 rc=0
2026-09-08T11:11:18+00:00 START analyze_maxnew868_lnc2
2026-09-08T11:11:19+00:00 END   analyze_maxnew868_lnc2 rc=0
2026-09-08T11:11:22+00:00 summary → results/analysis/SUMMARY.md
2026-09-08T11:11:22+00:00 ===== ALL DONE =====
