2026-09-11T07:41:37+00:00 ===== overnight4 start, root 36G =====
2026-09-11T07:41:37+00:00 START sample_8b_tp1
2026-09-11T08:25:10+00:00 END sample_8b_tp1 rc=0
2026-09-11T08:25:10+00:00 START recompute_8b_tp1
2026-09-11T08:27:41+00:00 END recompute_8b_tp1 rc=0
2026-09-11T08:27:43+00:00 8B tp1 analyzed
2026-09-11T08:27:43+00:00 START vr_smoke_8b
2026-09-11T08:38:11+00:00 END vr_smoke_8b rc=0
2026-09-11T08:38:11+00:00 START vr_q8b_tp2_C64_v2
2026-09-11T09:10:15+00:00 END vr_q8b_tp2_C64_v2 rc=0
2026-09-11T09:10:15+00:00 START check_q8b_tp2_C64_v2
2026-09-11T09:12:46+00:00 END check_q8b_tp2_C64_v2 rc=0
2026-09-11T09:12:46+00:00 START vr_tp2_C16_v2
2026-09-11T09:43:56+00:00 END vr_tp2_C16_v2 rc=0
2026-09-11T09:43:56+00:00 START check_tp2_C16_v2
2026-09-11T09:45:09+00:00 END check_tp2_C16_v2 rc=0
2026-09-11T09:45:09+00:00 START vr_tp2_C32_L3_v2
2026-09-11T10:10:38+00:00 END vr_tp2_C32_L3_v2 rc=0
2026-09-11T10:10:38+00:00 START check_tp2_C32_L3_v2
2026-09-11T10:11:51+00:00 END check_tp2_C32_L3_v2 rc=0
