2026-09-09T07:52:19+00:00 ===== overnight_vr start =====
2026-09-09T07:52:19+00:00 START vr_tp2_CT
2026-09-09T09:00:21+00:00 END   vr_tp2_CT rc=0
2026-09-09T09:00:21+00:00 START vr_check_rc_tp2_CT
2026-09-09T09:01:40+00:00 END   vr_check_rc_tp2_CT rc=0
2026-09-09T09:01:40+00:00 START vr_check_an_tp2_CT
2026-09-09T09:01:41+00:00 END   vr_check_an_tp2_CT rc=0
2026-09-09T09:01:41+00:00 START vr_tp2_C64
2026-09-09T09:42:58+00:00 END   vr_tp2_C64 rc=0
2026-09-09T09:42:58+00:00 START vr_check_rc_tp2_C64
2026-09-09T09:44:14+00:00 END   vr_check_rc_tp2_C64 rc=0
2026-09-09T09:44:14+00:00 START vr_check_an_tp2_C64
2026-09-09T09:44:15+00:00 END   vr_check_an_tp2_C64 rc=0
2026-09-09T09:44:15+00:00 START vr_tp1_C64
2026-09-09T10:35:40+00:00 END   vr_tp1_C64 rc=0
2026-09-09T10:35:40+00:00 START vr_check_rc_tp1_C64
2026-09-09T10:36:55+00:00 END   vr_check_rc_tp1_C64 rc=0
2026-09-09T10:36:55+00:00 START vr_check_an_tp1_C64
2026-09-09T10:36:56+00:00 END   vr_check_an_tp1_C64 rc=0
2026-09-09T10:36:56+00:00 START vr_tp2_C128
2026-09-09T11:19:31+00:00 END   vr_tp2_C128 rc=0
2026-09-09T11:19:31+00:00 START vr_check_rc_tp2_C128
2026-09-09T11:20:48+00:00 END   vr_check_rc_tp2_C128 rc=0
2026-09-09T11:20:48+00:00 START vr_check_an_tp2_C128
2026-09-09T11:20:49+00:00 END   vr_check_an_tp2_C128 rc=0
2026-09-09T11:20:49+00:00 summary → results/vr/SUMMARY.md
2026-09-09T11:20:49+00:00 ===== ALL DONE =====
